Execute the playbooks (check mode)


**** Executing playbook gather-facts-ansible.yml (check mode) ****


PLAY [localhost] ***************************************************************

TASK [Gathering Facts] *********************************************************
ok: [localhost]

TASK [Execute only the ansible-facts tasks] ************************************

TASK [mdrotthoff.gather-facts : Create the base output directory] **************
included: /home/mdrotthoff/workspaces/mdrotthoff.ansible/ansible/roles/mdrotthoff.gather-facts/tasks/output-directory.yml for localhost

TASK [mdrotthoff.gather-facts : Set the default domain directory (if requested)] ***
ok: [localhost]

TASK [mdrotthoff.gather-facts : Set the output directory] **********************
ok: [localhost]

TASK [mdrotthoff.gather-facts : Ensure the output directory exists] ************
changed: [localhost]

TASK [mdrotthoff.gather-facts : Set the ansible facts output directory] ********
skipping: [localhost]

TASK [mdrotthoff.gather-facts : Ensure the ansible facts output directory exists] ***
skipping: [localhost]

TASK [mdrotthoff.gather-facts : Dump the ansible facts in YAML format] *********
changed: [localhost]

PLAY RECAP *********************************************************************
localhost                  : ok=6    changed=2    unreachable=0    failed=0   



**** Executing playbook gather-facts-enviroment.yml (check mode) ****


PLAY [localhost] ***************************************************************

TASK [Gathering Facts] *********************************************************
ok: [localhost]

TASK [Execute only the environment-facts tasks] ********************************

TASK [mdrotthoff.gather-facts : Create the base output directory] **************
included: /home/mdrotthoff/workspaces/mdrotthoff.ansible/ansible/roles/mdrotthoff.gather-facts/tasks/output-directory.yml for localhost

TASK [mdrotthoff.gather-facts : Set the default domain directory (if requested)] ***
ok: [localhost]

TASK [mdrotthoff.gather-facts : Set the output directory] **********************
ok: [localhost]

TASK [mdrotthoff.gather-facts : Ensure the output directory exists] ************
changed: [localhost]

TASK [mdrotthoff.gather-facts : Set the environment output directory] **********
skipping: [localhost]

TASK [mdrotthoff.gather-facts : Ensure the environment output directory exists] ***
skipping: [localhost]

TASK [mdrotthoff.gather-facts : Dump the environment facts in YAML format] *****
changed: [localhost]

PLAY RECAP *********************************************************************
localhost                  : ok=6    changed=2    unreachable=0    failed=0   



**** Executing playbook gather-facts-group.yml (check mode) ****


PLAY [localhost] ***************************************************************

TASK [Gathering Facts] *********************************************************
ok: [localhost]

TASK [Execute only the group-facts tasks] **************************************

TASK [mdrotthoff.gather-facts : Create the base output directory] **************
included: /home/mdrotthoff/workspaces/mdrotthoff.ansible/ansible/roles/mdrotthoff.gather-facts/tasks/output-directory.yml for localhost

TASK [mdrotthoff.gather-facts : Set the default domain directory (if requested)] ***
ok: [localhost]

TASK [mdrotthoff.gather-facts : Set the output directory] **********************
ok: [localhost]

TASK [mdrotthoff.gather-facts : Ensure the output directory exists] ************
changed: [localhost]

TASK [mdrotthoff.gather-facts : Set the groups output directory] ***************
skipping: [localhost]

TASK [mdrotthoff.gather-facts : Ensure the groups output directory exists] *****
skipping: [localhost]

TASK [mdrotthoff.gather-facts : Dump the group facts in YAML format] ***********
changed: [localhost]

PLAY RECAP *********************************************************************
localhost                  : ok=6    changed=2    unreachable=0    failed=0   



**** Executing playbook gather-facts-host.yml (check mode) ****


PLAY [localhost] ***************************************************************

TASK [Gathering Facts] *********************************************************
ok: [localhost]

TASK [Execute only the host-facts tasks] ***************************************

TASK [mdrotthoff.gather-facts : Create the base output directory] **************
included: /home/mdrotthoff/workspaces/mdrotthoff.ansible/ansible/roles/mdrotthoff.gather-facts/tasks/output-directory.yml for localhost

TASK [mdrotthoff.gather-facts : Set the default domain directory (if requested)] ***
ok: [localhost]

TASK [mdrotthoff.gather-facts : Set the output directory] **********************
ok: [localhost]

TASK [mdrotthoff.gather-facts : Ensure the output directory exists] ************
changed: [localhost]

TASK [mdrotthoff.gather-facts : Set the host variables output directory] *******
skipping: [localhost]

TASK [mdrotthoff.gather-facts : Ensure the host variables output directory exists] ***
skipping: [localhost]

TASK [mdrotthoff.gather-facts : Dump the host facts in YAML format] ************
changed: [localhost]

PLAY RECAP *********************************************************************
localhost                  : ok=6    changed=2    unreachable=0    failed=0   



**** Executing playbook gather-facts-nodomain.yml (check mode) ****


PLAY [localhost] ***************************************************************

TASK [Gathering Facts] *********************************************************
ok: [localhost]

TASK [mdrotthoff.gather-facts : Output the environment facts if requested] *****
included: /home/mdrotthoff/workspaces/mdrotthoff.ansible/ansible/roles/mdrotthoff.gather-facts/tasks/environment-facts.yml for localhost

TASK [mdrotthoff.gather-facts : Create the base output directory] **************
included: /home/mdrotthoff/workspaces/mdrotthoff.ansible/ansible/roles/mdrotthoff.gather-facts/tasks/output-directory.yml for localhost

TASK [mdrotthoff.gather-facts : Set the default domain directory (if requested)] ***
skipping: [localhost]

TASK [mdrotthoff.gather-facts : Set the output directory] **********************
ok: [localhost]

TASK [mdrotthoff.gather-facts : Ensure the output directory exists] ************
changed: [localhost]

TASK [mdrotthoff.gather-facts : Set the environment output directory] **********
skipping: [localhost]

TASK [mdrotthoff.gather-facts : Ensure the environment output directory exists] ***
skipping: [localhost]

TASK [mdrotthoff.gather-facts : Dump the environment facts in YAML format] *****
changed: [localhost]

TASK [mdrotthoff.gather-facts : Output the group facts if requested] ***********
included: /home/mdrotthoff/workspaces/mdrotthoff.ansible/ansible/roles/mdrotthoff.gather-facts/tasks/group-facts.yml for localhost

TASK [mdrotthoff.gather-facts : Create the base output directory] **************
skipping: [localhost]

TASK [mdrotthoff.gather-facts : Set the groups output directory] ***************
skipping: [localhost]

TASK [mdrotthoff.gather-facts : Ensure the groups output directory exists] *****
skipping: [localhost]

TASK [mdrotthoff.gather-facts : Dump the group facts in YAML format] ***********
changed: [localhost]

TASK [mdrotthoff.gather-facts : Output the host facts if requested] ************
included: /home/mdrotthoff/workspaces/mdrotthoff.ansible/ansible/roles/mdrotthoff.gather-facts/tasks/host-facts.yml for localhost

TASK [mdrotthoff.gather-facts : Create the base output directory] **************
skipping: [localhost]

TASK [mdrotthoff.gather-facts : Set the host variables output directory] *******
skipping: [localhost]

TASK [mdrotthoff.gather-facts : Ensure the host variables output directory exists] ***
skipping: [localhost]

TASK [mdrotthoff.gather-facts : Dump the host facts in YAML format] ************
changed: [localhost]

TASK [mdrotthoff.gather-facts : Output the ansible facts if requested] *********
included: /home/mdrotthoff/workspaces/mdrotthoff.ansible/ansible/roles/mdrotthoff.gather-facts/tasks/ansible-facts.yml for localhost

TASK [mdrotthoff.gather-facts : Create the base output directory] **************
skipping: [localhost]

TASK [mdrotthoff.gather-facts : Set the ansible facts output directory] ********
skipping: [localhost]

TASK [mdrotthoff.gather-facts : Ensure the ansible facts output directory exists] ***
skipping: [localhost]

TASK [mdrotthoff.gather-facts : Dump the ansible facts in YAML format] *********
changed: [localhost]

TASK [mdrotthoff.gather-facts : Output the SSH facts if requested] *************
included: /home/mdrotthoff/workspaces/mdrotthoff.ansible/ansible/roles/mdrotthoff.gather-facts/tasks/ssh-facts.yml for localhost

TASK [mdrotthoff.gather-facts : Create the base output directory] **************
skipping: [localhost]

TASK [mdrotthoff.gather-facts : Scan and register the host ssh keys] ***********
ok: [localhost]

TASK [mdrotthoff.gather-facts : Collect the SSH keys found] ********************
ok: [localhost] => (item=workstation.rotthoff.home ssh-rsa AAAAB3NzaC1yc2EAAAADAQABAAABAQDYgt91wPR+/E5Ltifm4DLP3E2neI43G5Z47c84uP4F1MatjomPM6tzFyOJuduNPomWmAj5dgTm0lm+2dK9ORD+sNmCyCH29uZSctN7rjFv4n3D597+2GH6aeWJUujCXn71/X3ao+Znk5agYZjhKCiPIwMFT/Ylq0nX27DbUApt/dmPmoYFFxPgyJrPqVMgSdZ4uU6IIUFPwyX1+BZTdVfTIS8iEYKX+eP2RwKMlpSq7Fv6bSZls0nYFTDxfthCUdT2KiE0KfMsn3BcfJt2Uyk4yDxdn4x6JhDq2Gxc4Q4iqTgowk5hbkBPdj6daCnOioGCNLOVCZnuOVv7Fh8hvsQN)
ok: [localhost] => (item=workstation.rotthoff.home ecdsa-sha2-nistp256 AAAAE2VjZHNhLXNoYTItbmlzdHAyNTYAAAAIbmlzdHAyNTYAAABBBLFj4TXqgul7JJFzJif8uSXkv/uHVSLHR135E5JToysmDlV16na8WiTtmN6dJbVPmLK5ROBkJou51IphfkKPZIU=)
ok: [localhost] => (item=workstation.rotthoff.home ssh-ed25519 AAAAC3NzaC1lZDI1NTE5AAAAIEQ+m5vc6nkgTx0AqTOULKxHz1gigCxWHYtvj6t1ogLl)

TASK [mdrotthoff.gather-facts : Set the SSH facts output directory] ************
skipping: [localhost]

TASK [mdrotthoff.gather-facts : Ensure the SSH keys output directory exists] ***
skipping: [localhost]

TASK [mdrotthoff.gather-facts : Dump the SSH facts in YAML format] *************
changed: [localhost]

PLAY RECAP *********************************************************************
localhost                  : ok=16   changed=6    unreachable=0    failed=0   



**** Executing playbook gather-facts-notypes.yml (check mode) ****


PLAY [localhost] ***************************************************************

TASK [Gathering Facts] *********************************************************
ok: [localhost]

TASK [mdrotthoff.gather-facts : Output the environment facts if requested] *****
included: /home/mdrotthoff/workspaces/mdrotthoff.ansible/ansible/roles/mdrotthoff.gather-facts/tasks/environment-facts.yml for localhost

TASK [mdrotthoff.gather-facts : Create the base output directory] **************
included: /home/mdrotthoff/workspaces/mdrotthoff.ansible/ansible/roles/mdrotthoff.gather-facts/tasks/output-directory.yml for localhost

TASK [mdrotthoff.gather-facts : Set the default domain directory (if requested)] ***
ok: [localhost]

TASK [mdrotthoff.gather-facts : Set the output directory] **********************
ok: [localhost]

TASK [mdrotthoff.gather-facts : Ensure the output directory exists] ************
changed: [localhost]

TASK [mdrotthoff.gather-facts : Set the environment output directory] **********
skipping: [localhost]

TASK [mdrotthoff.gather-facts : Ensure the environment output directory exists] ***
skipping: [localhost]

TASK [mdrotthoff.gather-facts : Dump the environment facts in YAML format] *****
changed: [localhost]

TASK [mdrotthoff.gather-facts : Output the group facts if requested] ***********
included: /home/mdrotthoff/workspaces/mdrotthoff.ansible/ansible/roles/mdrotthoff.gather-facts/tasks/group-facts.yml for localhost

TASK [mdrotthoff.gather-facts : Create the base output directory] **************
skipping: [localhost]

TASK [mdrotthoff.gather-facts : Set the groups output directory] ***************
skipping: [localhost]

TASK [mdrotthoff.gather-facts : Ensure the groups output directory exists] *****
skipping: [localhost]

TASK [mdrotthoff.gather-facts : Dump the group facts in YAML format] ***********
changed: [localhost]

TASK [mdrotthoff.gather-facts : Output the host facts if requested] ************
included: /home/mdrotthoff/workspaces/mdrotthoff.ansible/ansible/roles/mdrotthoff.gather-facts/tasks/host-facts.yml for localhost

TASK [mdrotthoff.gather-facts : Create the base output directory] **************
skipping: [localhost]

TASK [mdrotthoff.gather-facts : Set the host variables output directory] *******
skipping: [localhost]

TASK [mdrotthoff.gather-facts : Ensure the host variables output directory exists] ***
skipping: [localhost]

TASK [mdrotthoff.gather-facts : Dump the host facts in YAML format] ************
changed: [localhost]

TASK [mdrotthoff.gather-facts : Output the ansible facts if requested] *********
included: /home/mdrotthoff/workspaces/mdrotthoff.ansible/ansible/roles/mdrotthoff.gather-facts/tasks/ansible-facts.yml for localhost

TASK [mdrotthoff.gather-facts : Create the base output directory] **************
skipping: [localhost]

TASK [mdrotthoff.gather-facts : Set the ansible facts output directory] ********
skipping: [localhost]

TASK [mdrotthoff.gather-facts : Ensure the ansible facts output directory exists] ***
skipping: [localhost]

TASK [mdrotthoff.gather-facts : Dump the ansible facts in YAML format] *********
changed: [localhost]

TASK [mdrotthoff.gather-facts : Output the SSH facts if requested] *************
included: /home/mdrotthoff/workspaces/mdrotthoff.ansible/ansible/roles/mdrotthoff.gather-facts/tasks/ssh-facts.yml for localhost

TASK [mdrotthoff.gather-facts : Create the base output directory] **************
skipping: [localhost]

TASK [mdrotthoff.gather-facts : Scan and register the host ssh keys] ***********
ok: [localhost]

TASK [mdrotthoff.gather-facts : Collect the SSH keys found] ********************
ok: [localhost] => (item=workstation.rotthoff.home ssh-rsa AAAAB3NzaC1yc2EAAAADAQABAAABAQDYgt91wPR+/E5Ltifm4DLP3E2neI43G5Z47c84uP4F1MatjomPM6tzFyOJuduNPomWmAj5dgTm0lm+2dK9ORD+sNmCyCH29uZSctN7rjFv4n3D597+2GH6aeWJUujCXn71/X3ao+Znk5agYZjhKCiPIwMFT/Ylq0nX27DbUApt/dmPmoYFFxPgyJrPqVMgSdZ4uU6IIUFPwyX1+BZTdVfTIS8iEYKX+eP2RwKMlpSq7Fv6bSZls0nYFTDxfthCUdT2KiE0KfMsn3BcfJt2Uyk4yDxdn4x6JhDq2Gxc4Q4iqTgowk5hbkBPdj6daCnOioGCNLOVCZnuOVv7Fh8hvsQN)
ok: [localhost] => (item=workstation.rotthoff.home ecdsa-sha2-nistp256 AAAAE2VjZHNhLXNoYTItbmlzdHAyNTYAAAAIbmlzdHAyNTYAAABBBLFj4TXqgul7JJFzJif8uSXkv/uHVSLHR135E5JToysmDlV16na8WiTtmN6dJbVPmLK5ROBkJou51IphfkKPZIU=)
ok: [localhost] => (item=workstation.rotthoff.home ssh-ed25519 AAAAC3NzaC1lZDI1NTE5AAAAIEQ+m5vc6nkgTx0AqTOULKxHz1gigCxWHYtvj6t1ogLl)

TASK [mdrotthoff.gather-facts : Set the SSH facts output directory] ************
skipping: [localhost]

TASK [mdrotthoff.gather-facts : Ensure the SSH keys output directory exists] ***
skipping: [localhost]

TASK [mdrotthoff.gather-facts : Dump the SSH facts in YAML format] *************
changed: [localhost]

PLAY RECAP *********************************************************************
localhost                  : ok=17   changed=6    unreachable=0    failed=0   



**** Executing playbook gather-facts-ssh.yml (check mode) ****


PLAY [localhost] ***************************************************************

TASK [Gathering Facts] *********************************************************
ok: [localhost]

TASK [Execute only the ssh-facts tasks] ****************************************

TASK [mdrotthoff.gather-facts : Create the base output directory] **************
included: /home/mdrotthoff/workspaces/mdrotthoff.ansible/ansible/roles/mdrotthoff.gather-facts/tasks/output-directory.yml for localhost

TASK [mdrotthoff.gather-facts : Set the default domain directory (if requested)] ***
ok: [localhost]

TASK [mdrotthoff.gather-facts : Set the output directory] **********************
ok: [localhost]

TASK [mdrotthoff.gather-facts : Ensure the output directory exists] ************
changed: [localhost]

TASK [mdrotthoff.gather-facts : Scan and register the host ssh keys] ***********
ok: [localhost]

TASK [mdrotthoff.gather-facts : Collect the SSH keys found] ********************
ok: [localhost] => (item=workstation.rotthoff.home ssh-rsa AAAAB3NzaC1yc2EAAAADAQABAAABAQDYgt91wPR+/E5Ltifm4DLP3E2neI43G5Z47c84uP4F1MatjomPM6tzFyOJuduNPomWmAj5dgTm0lm+2dK9ORD+sNmCyCH29uZSctN7rjFv4n3D597+2GH6aeWJUujCXn71/X3ao+Znk5agYZjhKCiPIwMFT/Ylq0nX27DbUApt/dmPmoYFFxPgyJrPqVMgSdZ4uU6IIUFPwyX1+BZTdVfTIS8iEYKX+eP2RwKMlpSq7Fv6bSZls0nYFTDxfthCUdT2KiE0KfMsn3BcfJt2Uyk4yDxdn4x6JhDq2Gxc4Q4iqTgowk5hbkBPdj6daCnOioGCNLOVCZnuOVv7Fh8hvsQN)
ok: [localhost] => (item=workstation.rotthoff.home ecdsa-sha2-nistp256 AAAAE2VjZHNhLXNoYTItbmlzdHAyNTYAAAAIbmlzdHAyNTYAAABBBLFj4TXqgul7JJFzJif8uSXkv/uHVSLHR135E5JToysmDlV16na8WiTtmN6dJbVPmLK5ROBkJou51IphfkKPZIU=)
ok: [localhost] => (item=workstation.rotthoff.home ssh-ed25519 AAAAC3NzaC1lZDI1NTE5AAAAIEQ+m5vc6nkgTx0AqTOULKxHz1gigCxWHYtvj6t1ogLl)

TASK [mdrotthoff.gather-facts : Set the SSH facts output directory] ************
skipping: [localhost]

TASK [mdrotthoff.gather-facts : Ensure the SSH keys output directory exists] ***
skipping: [localhost]

TASK [mdrotthoff.gather-facts : Dump the SSH facts in YAML format] *************
changed: [localhost]

PLAY RECAP *********************************************************************
localhost                  : ok=8    changed=2    unreachable=0    failed=0   



**** Executing playbook gather-facts-types.yml (check mode) ****


PLAY [localhost] ***************************************************************

TASK [Gathering Facts] *********************************************************
ok: [localhost]

TASK [mdrotthoff.gather-facts : Output the environment facts if requested] *****
included: /home/mdrotthoff/workspaces/mdrotthoff.ansible/ansible/roles/mdrotthoff.gather-facts/tasks/environment-facts.yml for localhost

TASK [mdrotthoff.gather-facts : Create the base output directory] **************
included: /home/mdrotthoff/workspaces/mdrotthoff.ansible/ansible/roles/mdrotthoff.gather-facts/tasks/output-directory.yml for localhost

TASK [mdrotthoff.gather-facts : Set the default domain directory (if requested)] ***
ok: [localhost]

TASK [mdrotthoff.gather-facts : Set the output directory] **********************
ok: [localhost]

TASK [mdrotthoff.gather-facts : Ensure the output directory exists] ************
changed: [localhost]

TASK [mdrotthoff.gather-facts : Set the environment output directory] **********
ok: [localhost]

TASK [mdrotthoff.gather-facts : Ensure the environment output directory exists] ***
changed: [localhost]

TASK [mdrotthoff.gather-facts : Dump the environment facts in YAML format] *****
changed: [localhost]

TASK [mdrotthoff.gather-facts : Output the group facts if requested] ***********
included: /home/mdrotthoff/workspaces/mdrotthoff.ansible/ansible/roles/mdrotthoff.gather-facts/tasks/group-facts.yml for localhost

TASK [mdrotthoff.gather-facts : Create the base output directory] **************
skipping: [localhost]

TASK [mdrotthoff.gather-facts : Set the groups output directory] ***************
ok: [localhost]

TASK [mdrotthoff.gather-facts : Ensure the groups output directory exists] *****
changed: [localhost]

TASK [mdrotthoff.gather-facts : Dump the group facts in YAML format] ***********
changed: [localhost]

TASK [mdrotthoff.gather-facts : Output the host facts if requested] ************
included: /home/mdrotthoff/workspaces/mdrotthoff.ansible/ansible/roles/mdrotthoff.gather-facts/tasks/host-facts.yml for localhost

TASK [mdrotthoff.gather-facts : Create the base output directory] **************
skipping: [localhost]

TASK [mdrotthoff.gather-facts : Set the host variables output directory] *******
ok: [localhost]

TASK [mdrotthoff.gather-facts : Ensure the host variables output directory exists] ***
changed: [localhost]

TASK [mdrotthoff.gather-facts : Dump the host facts in YAML format] ************
changed: [localhost]

TASK [mdrotthoff.gather-facts : Output the ansible facts if requested] *********
included: /home/mdrotthoff/workspaces/mdrotthoff.ansible/ansible/roles/mdrotthoff.gather-facts/tasks/ansible-facts.yml for localhost

TASK [mdrotthoff.gather-facts : Create the base output directory] **************
skipping: [localhost]

TASK [mdrotthoff.gather-facts : Set the ansible facts output directory] ********
ok: [localhost]

TASK [mdrotthoff.gather-facts : Ensure the ansible facts output directory exists] ***
changed: [localhost]

TASK [mdrotthoff.gather-facts : Dump the ansible facts in YAML format] *********
changed: [localhost]

TASK [mdrotthoff.gather-facts : Output the SSH facts if requested] *************
included: /home/mdrotthoff/workspaces/mdrotthoff.ansible/ansible/roles/mdrotthoff.gather-facts/tasks/ssh-facts.yml for localhost

TASK [mdrotthoff.gather-facts : Create the base output directory] **************
skipping: [localhost]

TASK [mdrotthoff.gather-facts : Scan and register the host ssh keys] ***********
ok: [localhost]

TASK [mdrotthoff.gather-facts : Collect the SSH keys found] ********************
ok: [localhost] => (item=workstation.rotthoff.home ssh-rsa AAAAB3NzaC1yc2EAAAADAQABAAABAQDYgt91wPR+/E5Ltifm4DLP3E2neI43G5Z47c84uP4F1MatjomPM6tzFyOJuduNPomWmAj5dgTm0lm+2dK9ORD+sNmCyCH29uZSctN7rjFv4n3D597+2GH6aeWJUujCXn71/X3ao+Znk5agYZjhKCiPIwMFT/Ylq0nX27DbUApt/dmPmoYFFxPgyJrPqVMgSdZ4uU6IIUFPwyX1+BZTdVfTIS8iEYKX+eP2RwKMlpSq7Fv6bSZls0nYFTDxfthCUdT2KiE0KfMsn3BcfJt2Uyk4yDxdn4x6JhDq2Gxc4Q4iqTgowk5hbkBPdj6daCnOioGCNLOVCZnuOVv7Fh8hvsQN)
ok: [localhost] => (item=workstation.rotthoff.home ecdsa-sha2-nistp256 AAAAE2VjZHNhLXNoYTItbmlzdHAyNTYAAAAIbmlzdHAyNTYAAABBBLFj4TXqgul7JJFzJif8uSXkv/uHVSLHR135E5JToysmDlV16na8WiTtmN6dJbVPmLK5ROBkJou51IphfkKPZIU=)
ok: [localhost] => (item=workstation.rotthoff.home ssh-ed25519 AAAAC3NzaC1lZDI1NTE5AAAAIEQ+m5vc6nkgTx0AqTOULKxHz1gigCxWHYtvj6t1ogLl)

TASK [mdrotthoff.gather-facts : Set the SSH facts output directory] ************
ok: [localhost]

TASK [mdrotthoff.gather-facts : Ensure the SSH keys output directory exists] ***
changed: [localhost]

TASK [mdrotthoff.gather-facts : Dump the SSH facts in YAML format] *************
changed: [localhost]

PLAY RECAP *********************************************************************
localhost                  : ok=27   changed=11   unreachable=0    failed=0   



**** Executing playbook gather-facts.yml (check mode) ****


PLAY [all] *********************************************************************

TASK [Gathering Facts] *********************************************************
ok: [localhost]

TASK [mdrotthoff.gather-facts : Output the environment facts if requested] *****
included: /home/mdrotthoff/workspaces/mdrotthoff.ansible/ansible/roles/mdrotthoff.gather-facts/tasks/environment-facts.yml for localhost

TASK [mdrotthoff.gather-facts : Create the base output directory] **************
included: /home/mdrotthoff/workspaces/mdrotthoff.ansible/ansible/roles/mdrotthoff.gather-facts/tasks/output-directory.yml for localhost

TASK [mdrotthoff.gather-facts : Set the default domain directory (if requested)] ***
ok: [localhost]

TASK [mdrotthoff.gather-facts : Set the output directory] **********************
ok: [localhost]

TASK [mdrotthoff.gather-facts : Ensure the output directory exists] ************
ok: [localhost]

TASK [mdrotthoff.gather-facts : Set the environment output directory] **********
ok: [localhost]

TASK [mdrotthoff.gather-facts : Ensure the environment output directory exists] ***
ok: [localhost]

TASK [mdrotthoff.gather-facts : Dump the environment facts in YAML format] *****
changed: [localhost]

TASK [mdrotthoff.gather-facts : Output the group facts if requested] ***********
included: /home/mdrotthoff/workspaces/mdrotthoff.ansible/ansible/roles/mdrotthoff.gather-facts/tasks/group-facts.yml for localhost

TASK [mdrotthoff.gather-facts : Create the base output directory] **************
skipping: [localhost]

TASK [mdrotthoff.gather-facts : Set the groups output directory] ***************
ok: [localhost]

TASK [mdrotthoff.gather-facts : Ensure the groups output directory exists] *****
ok: [localhost]

TASK [mdrotthoff.gather-facts : Dump the group facts in YAML format] ***********
ok: [localhost]

TASK [mdrotthoff.gather-facts : Output the host facts if requested] ************
included: /home/mdrotthoff/workspaces/mdrotthoff.ansible/ansible/roles/mdrotthoff.gather-facts/tasks/host-facts.yml for localhost

TASK [mdrotthoff.gather-facts : Create the base output directory] **************
skipping: [localhost]

TASK [mdrotthoff.gather-facts : Set the host variables output directory] *******
ok: [localhost]

TASK [mdrotthoff.gather-facts : Ensure the host variables output directory exists] ***
ok: [localhost]

TASK [mdrotthoff.gather-facts : Dump the host facts in YAML format] ************
changed: [localhost]

TASK [mdrotthoff.gather-facts : Output the ansible facts if requested] *********
included: /home/mdrotthoff/workspaces/mdrotthoff.ansible/ansible/roles/mdrotthoff.gather-facts/tasks/ansible-facts.yml for localhost

TASK [mdrotthoff.gather-facts : Create the base output directory] **************
skipping: [localhost]

TASK [mdrotthoff.gather-facts : Set the ansible facts output directory] ********
ok: [localhost]

TASK [mdrotthoff.gather-facts : Ensure the ansible facts output directory exists] ***
ok: [localhost]

TASK [mdrotthoff.gather-facts : Dump the ansible facts in YAML format] *********
changed: [localhost]

TASK [mdrotthoff.gather-facts : Output the SSH facts if requested] *************
included: /home/mdrotthoff/workspaces/mdrotthoff.ansible/ansible/roles/mdrotthoff.gather-facts/tasks/ssh-facts.yml for localhost

TASK [mdrotthoff.gather-facts : Create the base output directory] **************
skipping: [localhost]

TASK [mdrotthoff.gather-facts : Scan and register the host ssh keys] ***********
ok: [localhost]

TASK [mdrotthoff.gather-facts : Collect the SSH keys found] ********************
ok: [localhost] => (item=workstation.rotthoff.home ssh-rsa AAAAB3NzaC1yc2EAAAADAQABAAABAQDYgt91wPR+/E5Ltifm4DLP3E2neI43G5Z47c84uP4F1MatjomPM6tzFyOJuduNPomWmAj5dgTm0lm+2dK9ORD+sNmCyCH29uZSctN7rjFv4n3D597+2GH6aeWJUujCXn71/X3ao+Znk5agYZjhKCiPIwMFT/Ylq0nX27DbUApt/dmPmoYFFxPgyJrPqVMgSdZ4uU6IIUFPwyX1+BZTdVfTIS8iEYKX+eP2RwKMlpSq7Fv6bSZls0nYFTDxfthCUdT2KiE0KfMsn3BcfJt2Uyk4yDxdn4x6JhDq2Gxc4Q4iqTgowk5hbkBPdj6daCnOioGCNLOVCZnuOVv7Fh8hvsQN)
ok: [localhost] => (item=workstation.rotthoff.home ecdsa-sha2-nistp256 AAAAE2VjZHNhLXNoYTItbmlzdHAyNTYAAAAIbmlzdHAyNTYAAABBBLFj4TXqgul7JJFzJif8uSXkv/uHVSLHR135E5JToysmDlV16na8WiTtmN6dJbVPmLK5ROBkJou51IphfkKPZIU=)
ok: [localhost] => (item=workstation.rotthoff.home ssh-ed25519 AAAAC3NzaC1lZDI1NTE5AAAAIEQ+m5vc6nkgTx0AqTOULKxHz1gigCxWHYtvj6t1ogLl)

TASK [mdrotthoff.gather-facts : Set the SSH facts output directory] ************
ok: [localhost]

TASK [mdrotthoff.gather-facts : Ensure the SSH keys output directory exists] ***
ok: [localhost]

TASK [mdrotthoff.gather-facts : Dump the SSH facts in YAML format] *************
ok: [localhost]

PLAY RECAP *********************************************************************
localhost                  : ok=27   changed=3    unreachable=0    failed=0   



Execute the playbooks (full mode)


**** Executing playbook gather-facts-ansible.yml (full mode) ****


PLAY [localhost] ***************************************************************

TASK [Gathering Facts] *********************************************************
ok: [localhost]

TASK [Execute only the ansible-facts tasks] ************************************

TASK [mdrotthoff.gather-facts : Create the base output directory] **************
included: /home/mdrotthoff/workspaces/mdrotthoff.ansible/ansible/roles/mdrotthoff.gather-facts/tasks/output-directory.yml for localhost

TASK [mdrotthoff.gather-facts : Set the default domain directory (if requested)] ***
ok: [localhost]

TASK [mdrotthoff.gather-facts : Set the output directory] **********************
ok: [localhost]

TASK [mdrotthoff.gather-facts : Ensure the output directory exists] ************
changed: [localhost]

TASK [mdrotthoff.gather-facts : Set the ansible facts output directory] ********
skipping: [localhost]

TASK [mdrotthoff.gather-facts : Ensure the ansible facts output directory exists] ***
skipping: [localhost]

TASK [mdrotthoff.gather-facts : Dump the ansible facts in YAML format] *********
changed: [localhost]

PLAY RECAP *********************************************************************
localhost                  : ok=6    changed=2    unreachable=0    failed=0   


**** Resulting directory tree ****
facts
└── facts-ansible
    └── rotthoff.home
        └── localhost.ansible-facts.yaml

2 directories, 1 file


**** Executing playbook gather-facts-enviroment.yml (full mode) ****


PLAY [localhost] ***************************************************************

TASK [Gathering Facts] *********************************************************
ok: [localhost]

TASK [Execute only the environment-facts tasks] ********************************

TASK [mdrotthoff.gather-facts : Create the base output directory] **************
included: /home/mdrotthoff/workspaces/mdrotthoff.ansible/ansible/roles/mdrotthoff.gather-facts/tasks/output-directory.yml for localhost

TASK [mdrotthoff.gather-facts : Set the default domain directory (if requested)] ***
ok: [localhost]

TASK [mdrotthoff.gather-facts : Set the output directory] **********************
ok: [localhost]

TASK [mdrotthoff.gather-facts : Ensure the output directory exists] ************
changed: [localhost]

TASK [mdrotthoff.gather-facts : Set the environment output directory] **********
skipping: [localhost]

TASK [mdrotthoff.gather-facts : Ensure the environment output directory exists] ***
skipping: [localhost]

TASK [mdrotthoff.gather-facts : Dump the environment facts in YAML format] *****
changed: [localhost]

PLAY RECAP *********************************************************************
localhost                  : ok=6    changed=2    unreachable=0    failed=0   


**** Resulting directory tree ****
facts
└── facts-environment
    └── rotthoff.home
        └── localhost.environment.yaml

2 directories, 1 file


**** Executing playbook gather-facts-group.yml (full mode) ****


PLAY [localhost] ***************************************************************

TASK [Gathering Facts] *********************************************************
ok: [localhost]

TASK [Execute only the group-facts tasks] **************************************

TASK [mdrotthoff.gather-facts : Create the base output directory] **************
included: /home/mdrotthoff/workspaces/mdrotthoff.ansible/ansible/roles/mdrotthoff.gather-facts/tasks/output-directory.yml for localhost

TASK [mdrotthoff.gather-facts : Set the default domain directory (if requested)] ***
ok: [localhost]

TASK [mdrotthoff.gather-facts : Set the output directory] **********************
ok: [localhost]

TASK [mdrotthoff.gather-facts : Ensure the output directory exists] ************
changed: [localhost]

TASK [mdrotthoff.gather-facts : Set the groups output directory] ***************
skipping: [localhost]

TASK [mdrotthoff.gather-facts : Ensure the groups output directory exists] *****
skipping: [localhost]

TASK [mdrotthoff.gather-facts : Dump the group facts in YAML format] ***********
changed: [localhost]

PLAY RECAP *********************************************************************
localhost                  : ok=6    changed=2    unreachable=0    failed=0   


**** Resulting directory tree ****
facts
└── facts-group
    └── rotthoff.home
        └── localhost.groups.yaml

2 directories, 1 file


**** Executing playbook gather-facts-host.yml (full mode) ****


PLAY [localhost] ***************************************************************

TASK [Gathering Facts] *********************************************************
ok: [localhost]

TASK [Execute only the host-facts tasks] ***************************************

TASK [mdrotthoff.gather-facts : Create the base output directory] **************
included: /home/mdrotthoff/workspaces/mdrotthoff.ansible/ansible/roles/mdrotthoff.gather-facts/tasks/output-directory.yml for localhost

TASK [mdrotthoff.gather-facts : Set the default domain directory (if requested)] ***
ok: [localhost]

TASK [mdrotthoff.gather-facts : Set the output directory] **********************
ok: [localhost]

TASK [mdrotthoff.gather-facts : Ensure the output directory exists] ************
changed: [localhost]

TASK [mdrotthoff.gather-facts : Set the host variables output directory] *******
skipping: [localhost]

TASK [mdrotthoff.gather-facts : Ensure the host variables output directory exists] ***
skipping: [localhost]

TASK [mdrotthoff.gather-facts : Dump the host facts in YAML format] ************
changed: [localhost]

PLAY RECAP *********************************************************************
localhost                  : ok=6    changed=2    unreachable=0    failed=0   


**** Resulting directory tree ****
facts
└── facts-host
    └── rotthoff.home
        └── localhost.host-vars.yaml

2 directories, 1 file


**** Executing playbook gather-facts-nodomain.yml (full mode) ****


PLAY [localhost] ***************************************************************

TASK [Gathering Facts] *********************************************************
ok: [localhost]

TASK [mdrotthoff.gather-facts : Output the environment facts if requested] *****
included: /home/mdrotthoff/workspaces/mdrotthoff.ansible/ansible/roles/mdrotthoff.gather-facts/tasks/environment-facts.yml for localhost

TASK [mdrotthoff.gather-facts : Create the base output directory] **************
included: /home/mdrotthoff/workspaces/mdrotthoff.ansible/ansible/roles/mdrotthoff.gather-facts/tasks/output-directory.yml for localhost

TASK [mdrotthoff.gather-facts : Set the default domain directory (if requested)] ***
skipping: [localhost]

TASK [mdrotthoff.gather-facts : Set the output directory] **********************
ok: [localhost]

TASK [mdrotthoff.gather-facts : Ensure the output directory exists] ************
changed: [localhost]

TASK [mdrotthoff.gather-facts : Set the environment output directory] **********
skipping: [localhost]

TASK [mdrotthoff.gather-facts : Ensure the environment output directory exists] ***
skipping: [localhost]

TASK [mdrotthoff.gather-facts : Dump the environment facts in YAML format] *****
changed: [localhost]

TASK [mdrotthoff.gather-facts : Output the group facts if requested] ***********
included: /home/mdrotthoff/workspaces/mdrotthoff.ansible/ansible/roles/mdrotthoff.gather-facts/tasks/group-facts.yml for localhost

TASK [mdrotthoff.gather-facts : Create the base output directory] **************
skipping: [localhost]

TASK [mdrotthoff.gather-facts : Set the groups output directory] ***************
skipping: [localhost]

TASK [mdrotthoff.gather-facts : Ensure the groups output directory exists] *****
skipping: [localhost]

TASK [mdrotthoff.gather-facts : Dump the group facts in YAML format] ***********
changed: [localhost]

TASK [mdrotthoff.gather-facts : Output the host facts if requested] ************
included: /home/mdrotthoff/workspaces/mdrotthoff.ansible/ansible/roles/mdrotthoff.gather-facts/tasks/host-facts.yml for localhost

TASK [mdrotthoff.gather-facts : Create the base output directory] **************
skipping: [localhost]

TASK [mdrotthoff.gather-facts : Set the host variables output directory] *******
skipping: [localhost]

TASK [mdrotthoff.gather-facts : Ensure the host variables output directory exists] ***
skipping: [localhost]

TASK [mdrotthoff.gather-facts : Dump the host facts in YAML format] ************
changed: [localhost]

TASK [mdrotthoff.gather-facts : Output the ansible facts if requested] *********
included: /home/mdrotthoff/workspaces/mdrotthoff.ansible/ansible/roles/mdrotthoff.gather-facts/tasks/ansible-facts.yml for localhost

TASK [mdrotthoff.gather-facts : Create the base output directory] **************
skipping: [localhost]

TASK [mdrotthoff.gather-facts : Set the ansible facts output directory] ********
skipping: [localhost]

TASK [mdrotthoff.gather-facts : Ensure the ansible facts output directory exists] ***
skipping: [localhost]

TASK [mdrotthoff.gather-facts : Dump the ansible facts in YAML format] *********
changed: [localhost]

TASK [mdrotthoff.gather-facts : Output the SSH facts if requested] *************
included: /home/mdrotthoff/workspaces/mdrotthoff.ansible/ansible/roles/mdrotthoff.gather-facts/tasks/ssh-facts.yml for localhost

TASK [mdrotthoff.gather-facts : Create the base output directory] **************
skipping: [localhost]

TASK [mdrotthoff.gather-facts : Scan and register the host ssh keys] ***********
ok: [localhost]

TASK [mdrotthoff.gather-facts : Collect the SSH keys found] ********************
ok: [localhost] => (item=workstation.rotthoff.home ssh-rsa AAAAB3NzaC1yc2EAAAADAQABAAABAQDYgt91wPR+/E5Ltifm4DLP3E2neI43G5Z47c84uP4F1MatjomPM6tzFyOJuduNPomWmAj5dgTm0lm+2dK9ORD+sNmCyCH29uZSctN7rjFv4n3D597+2GH6aeWJUujCXn71/X3ao+Znk5agYZjhKCiPIwMFT/Ylq0nX27DbUApt/dmPmoYFFxPgyJrPqVMgSdZ4uU6IIUFPwyX1+BZTdVfTIS8iEYKX+eP2RwKMlpSq7Fv6bSZls0nYFTDxfthCUdT2KiE0KfMsn3BcfJt2Uyk4yDxdn4x6JhDq2Gxc4Q4iqTgowk5hbkBPdj6daCnOioGCNLOVCZnuOVv7Fh8hvsQN)
ok: [localhost] => (item=workstation.rotthoff.home ecdsa-sha2-nistp256 AAAAE2VjZHNhLXNoYTItbmlzdHAyNTYAAAAIbmlzdHAyNTYAAABBBLFj4TXqgul7JJFzJif8uSXkv/uHVSLHR135E5JToysmDlV16na8WiTtmN6dJbVPmLK5ROBkJou51IphfkKPZIU=)
ok: [localhost] => (item=workstation.rotthoff.home ssh-ed25519 AAAAC3NzaC1lZDI1NTE5AAAAIEQ+m5vc6nkgTx0AqTOULKxHz1gigCxWHYtvj6t1ogLl)

TASK [mdrotthoff.gather-facts : Set the SSH facts output directory] ************
skipping: [localhost]

TASK [mdrotthoff.gather-facts : Ensure the SSH keys output directory exists] ***
skipping: [localhost]

TASK [mdrotthoff.gather-facts : Dump the SSH facts in YAML format] *************
changed: [localhost]

PLAY RECAP *********************************************************************
localhost                  : ok=16   changed=6    unreachable=0    failed=0   


**** Resulting directory tree ****
facts
└── facts-nodomain
    ├── localhost.ansible-facts.yaml
    ├── localhost.environment.yaml
    ├── localhost.groups.yaml
    ├── localhost.host-vars.yaml
    └── localhost.ssh-keys.yaml

1 directory, 5 files


**** Executing playbook gather-facts-notypes.yml (full mode) ****


PLAY [localhost] ***************************************************************

TASK [Gathering Facts] *********************************************************
ok: [localhost]

TASK [mdrotthoff.gather-facts : Output the environment facts if requested] *****
included: /home/mdrotthoff/workspaces/mdrotthoff.ansible/ansible/roles/mdrotthoff.gather-facts/tasks/environment-facts.yml for localhost

TASK [mdrotthoff.gather-facts : Create the base output directory] **************
included: /home/mdrotthoff/workspaces/mdrotthoff.ansible/ansible/roles/mdrotthoff.gather-facts/tasks/output-directory.yml for localhost

TASK [mdrotthoff.gather-facts : Set the default domain directory (if requested)] ***
ok: [localhost]

TASK [mdrotthoff.gather-facts : Set the output directory] **********************
ok: [localhost]

TASK [mdrotthoff.gather-facts : Ensure the output directory exists] ************
changed: [localhost]

TASK [mdrotthoff.gather-facts : Set the environment output directory] **********
skipping: [localhost]

TASK [mdrotthoff.gather-facts : Ensure the environment output directory exists] ***
skipping: [localhost]

TASK [mdrotthoff.gather-facts : Dump the environment facts in YAML format] *****
changed: [localhost]

TASK [mdrotthoff.gather-facts : Output the group facts if requested] ***********
included: /home/mdrotthoff/workspaces/mdrotthoff.ansible/ansible/roles/mdrotthoff.gather-facts/tasks/group-facts.yml for localhost

TASK [mdrotthoff.gather-facts : Create the base output directory] **************
skipping: [localhost]

TASK [mdrotthoff.gather-facts : Set the groups output directory] ***************
skipping: [localhost]

TASK [mdrotthoff.gather-facts : Ensure the groups output directory exists] *****
skipping: [localhost]

TASK [mdrotthoff.gather-facts : Dump the group facts in YAML format] ***********
changed: [localhost]

TASK [mdrotthoff.gather-facts : Output the host facts if requested] ************
included: /home/mdrotthoff/workspaces/mdrotthoff.ansible/ansible/roles/mdrotthoff.gather-facts/tasks/host-facts.yml for localhost

TASK [mdrotthoff.gather-facts : Create the base output directory] **************
skipping: [localhost]

TASK [mdrotthoff.gather-facts : Set the host variables output directory] *******
skipping: [localhost]

TASK [mdrotthoff.gather-facts : Ensure the host variables output directory exists] ***
skipping: [localhost]

TASK [mdrotthoff.gather-facts : Dump the host facts in YAML format] ************
changed: [localhost]

TASK [mdrotthoff.gather-facts : Output the ansible facts if requested] *********
included: /home/mdrotthoff/workspaces/mdrotthoff.ansible/ansible/roles/mdrotthoff.gather-facts/tasks/ansible-facts.yml for localhost

TASK [mdrotthoff.gather-facts : Create the base output directory] **************
skipping: [localhost]

TASK [mdrotthoff.gather-facts : Set the ansible facts output directory] ********
skipping: [localhost]

TASK [mdrotthoff.gather-facts : Ensure the ansible facts output directory exists] ***
skipping: [localhost]

TASK [mdrotthoff.gather-facts : Dump the ansible facts in YAML format] *********
changed: [localhost]

TASK [mdrotthoff.gather-facts : Output the SSH facts if requested] *************
included: /home/mdrotthoff/workspaces/mdrotthoff.ansible/ansible/roles/mdrotthoff.gather-facts/tasks/ssh-facts.yml for localhost

TASK [mdrotthoff.gather-facts : Create the base output directory] **************
skipping: [localhost]

TASK [mdrotthoff.gather-facts : Scan and register the host ssh keys] ***********
ok: [localhost]

TASK [mdrotthoff.gather-facts : Collect the SSH keys found] ********************
ok: [localhost] => (item=workstation.rotthoff.home ssh-rsa AAAAB3NzaC1yc2EAAAADAQABAAABAQDYgt91wPR+/E5Ltifm4DLP3E2neI43G5Z47c84uP4F1MatjomPM6tzFyOJuduNPomWmAj5dgTm0lm+2dK9ORD+sNmCyCH29uZSctN7rjFv4n3D597+2GH6aeWJUujCXn71/X3ao+Znk5agYZjhKCiPIwMFT/Ylq0nX27DbUApt/dmPmoYFFxPgyJrPqVMgSdZ4uU6IIUFPwyX1+BZTdVfTIS8iEYKX+eP2RwKMlpSq7Fv6bSZls0nYFTDxfthCUdT2KiE0KfMsn3BcfJt2Uyk4yDxdn4x6JhDq2Gxc4Q4iqTgowk5hbkBPdj6daCnOioGCNLOVCZnuOVv7Fh8hvsQN)
ok: [localhost] => (item=workstation.rotthoff.home ecdsa-sha2-nistp256 AAAAE2VjZHNhLXNoYTItbmlzdHAyNTYAAAAIbmlzdHAyNTYAAABBBLFj4TXqgul7JJFzJif8uSXkv/uHVSLHR135E5JToysmDlV16na8WiTtmN6dJbVPmLK5ROBkJou51IphfkKPZIU=)
ok: [localhost] => (item=workstation.rotthoff.home ssh-ed25519 AAAAC3NzaC1lZDI1NTE5AAAAIEQ+m5vc6nkgTx0AqTOULKxHz1gigCxWHYtvj6t1ogLl)

TASK [mdrotthoff.gather-facts : Set the SSH facts output directory] ************
skipping: [localhost]

TASK [mdrotthoff.gather-facts : Ensure the SSH keys output directory exists] ***
skipping: [localhost]

TASK [mdrotthoff.gather-facts : Dump the SSH facts in YAML format] *************
changed: [localhost]

PLAY RECAP *********************************************************************
localhost                  : ok=17   changed=6    unreachable=0    failed=0   


**** Resulting directory tree ****
facts
└── facts-notypes
    └── rotthoff.home
        ├── localhost.ansible-facts.yaml
        ├── localhost.environment.yaml
        ├── localhost.groups.yaml
        ├── localhost.host-vars.yaml
        └── localhost.ssh-keys.yaml

2 directories, 5 files


**** Executing playbook gather-facts-ssh.yml (full mode) ****


PLAY [localhost] ***************************************************************

TASK [Gathering Facts] *********************************************************
ok: [localhost]

TASK [Execute only the ssh-facts tasks] ****************************************

TASK [mdrotthoff.gather-facts : Create the base output directory] **************
included: /home/mdrotthoff/workspaces/mdrotthoff.ansible/ansible/roles/mdrotthoff.gather-facts/tasks/output-directory.yml for localhost

TASK [mdrotthoff.gather-facts : Set the default domain directory (if requested)] ***
ok: [localhost]

TASK [mdrotthoff.gather-facts : Set the output directory] **********************
ok: [localhost]

TASK [mdrotthoff.gather-facts : Ensure the output directory exists] ************
changed: [localhost]

TASK [mdrotthoff.gather-facts : Scan and register the host ssh keys] ***********
ok: [localhost]

TASK [mdrotthoff.gather-facts : Collect the SSH keys found] ********************
ok: [localhost] => (item=workstation.rotthoff.home ssh-rsa AAAAB3NzaC1yc2EAAAADAQABAAABAQDYgt91wPR+/E5Ltifm4DLP3E2neI43G5Z47c84uP4F1MatjomPM6tzFyOJuduNPomWmAj5dgTm0lm+2dK9ORD+sNmCyCH29uZSctN7rjFv4n3D597+2GH6aeWJUujCXn71/X3ao+Znk5agYZjhKCiPIwMFT/Ylq0nX27DbUApt/dmPmoYFFxPgyJrPqVMgSdZ4uU6IIUFPwyX1+BZTdVfTIS8iEYKX+eP2RwKMlpSq7Fv6bSZls0nYFTDxfthCUdT2KiE0KfMsn3BcfJt2Uyk4yDxdn4x6JhDq2Gxc4Q4iqTgowk5hbkBPdj6daCnOioGCNLOVCZnuOVv7Fh8hvsQN)
ok: [localhost] => (item=workstation.rotthoff.home ecdsa-sha2-nistp256 AAAAE2VjZHNhLXNoYTItbmlzdHAyNTYAAAAIbmlzdHAyNTYAAABBBLFj4TXqgul7JJFzJif8uSXkv/uHVSLHR135E5JToysmDlV16na8WiTtmN6dJbVPmLK5ROBkJou51IphfkKPZIU=)
ok: [localhost] => (item=workstation.rotthoff.home ssh-ed25519 AAAAC3NzaC1lZDI1NTE5AAAAIEQ+m5vc6nkgTx0AqTOULKxHz1gigCxWHYtvj6t1ogLl)

TASK [mdrotthoff.gather-facts : Set the SSH facts output directory] ************
skipping: [localhost]

TASK [mdrotthoff.gather-facts : Ensure the SSH keys output directory exists] ***
skipping: [localhost]

TASK [mdrotthoff.gather-facts : Dump the SSH facts in YAML format] *************
changed: [localhost]

PLAY RECAP *********************************************************************
localhost                  : ok=8    changed=2    unreachable=0    failed=0   


**** Resulting directory tree ****
facts
└── facts-ssh
    └── rotthoff.home
        └── localhost.ssh-keys.yaml

2 directories, 1 file


**** Executing playbook gather-facts-types.yml (full mode) ****


PLAY [localhost] ***************************************************************

TASK [Gathering Facts] *********************************************************
ok: [localhost]

TASK [mdrotthoff.gather-facts : Output the environment facts if requested] *****
included: /home/mdrotthoff/workspaces/mdrotthoff.ansible/ansible/roles/mdrotthoff.gather-facts/tasks/environment-facts.yml for localhost

TASK [mdrotthoff.gather-facts : Create the base output directory] **************
included: /home/mdrotthoff/workspaces/mdrotthoff.ansible/ansible/roles/mdrotthoff.gather-facts/tasks/output-directory.yml for localhost

TASK [mdrotthoff.gather-facts : Set the default domain directory (if requested)] ***
ok: [localhost]

TASK [mdrotthoff.gather-facts : Set the output directory] **********************
ok: [localhost]

TASK [mdrotthoff.gather-facts : Ensure the output directory exists] ************
changed: [localhost]

TASK [mdrotthoff.gather-facts : Set the environment output directory] **********
ok: [localhost]

TASK [mdrotthoff.gather-facts : Ensure the environment output directory exists] ***
changed: [localhost]

TASK [mdrotthoff.gather-facts : Dump the environment facts in YAML format] *****
changed: [localhost]

TASK [mdrotthoff.gather-facts : Output the group facts if requested] ***********
included: /home/mdrotthoff/workspaces/mdrotthoff.ansible/ansible/roles/mdrotthoff.gather-facts/tasks/group-facts.yml for localhost

TASK [mdrotthoff.gather-facts : Create the base output directory] **************
skipping: [localhost]

TASK [mdrotthoff.gather-facts : Set the groups output directory] ***************
ok: [localhost]

TASK [mdrotthoff.gather-facts : Ensure the groups output directory exists] *****
changed: [localhost]

TASK [mdrotthoff.gather-facts : Dump the group facts in YAML format] ***********
changed: [localhost]

TASK [mdrotthoff.gather-facts : Output the host facts if requested] ************
included: /home/mdrotthoff/workspaces/mdrotthoff.ansible/ansible/roles/mdrotthoff.gather-facts/tasks/host-facts.yml for localhost

TASK [mdrotthoff.gather-facts : Create the base output directory] **************
skipping: [localhost]

TASK [mdrotthoff.gather-facts : Set the host variables output directory] *******
ok: [localhost]

TASK [mdrotthoff.gather-facts : Ensure the host variables output directory exists] ***
changed: [localhost]

TASK [mdrotthoff.gather-facts : Dump the host facts in YAML format] ************
changed: [localhost]

TASK [mdrotthoff.gather-facts : Output the ansible facts if requested] *********
included: /home/mdrotthoff/workspaces/mdrotthoff.ansible/ansible/roles/mdrotthoff.gather-facts/tasks/ansible-facts.yml for localhost

TASK [mdrotthoff.gather-facts : Create the base output directory] **************
skipping: [localhost]

TASK [mdrotthoff.gather-facts : Set the ansible facts output directory] ********
ok: [localhost]

TASK [mdrotthoff.gather-facts : Ensure the ansible facts output directory exists] ***
changed: [localhost]

TASK [mdrotthoff.gather-facts : Dump the ansible facts in YAML format] *********
changed: [localhost]

TASK [mdrotthoff.gather-facts : Output the SSH facts if requested] *************
included: /home/mdrotthoff/workspaces/mdrotthoff.ansible/ansible/roles/mdrotthoff.gather-facts/tasks/ssh-facts.yml for localhost

TASK [mdrotthoff.gather-facts : Create the base output directory] **************
skipping: [localhost]

TASK [mdrotthoff.gather-facts : Scan and register the host ssh keys] ***********
ok: [localhost]

TASK [mdrotthoff.gather-facts : Collect the SSH keys found] ********************
ok: [localhost] => (item=workstation.rotthoff.home ecdsa-sha2-nistp256 AAAAE2VjZHNhLXNoYTItbmlzdHAyNTYAAAAIbmlzdHAyNTYAAABBBLFj4TXqgul7JJFzJif8uSXkv/uHVSLHR135E5JToysmDlV16na8WiTtmN6dJbVPmLK5ROBkJou51IphfkKPZIU=)
ok: [localhost] => (item=workstation.rotthoff.home ssh-rsa AAAAB3NzaC1yc2EAAAADAQABAAABAQDYgt91wPR+/E5Ltifm4DLP3E2neI43G5Z47c84uP4F1MatjomPM6tzFyOJuduNPomWmAj5dgTm0lm+2dK9ORD+sNmCyCH29uZSctN7rjFv4n3D597+2GH6aeWJUujCXn71/X3ao+Znk5agYZjhKCiPIwMFT/Ylq0nX27DbUApt/dmPmoYFFxPgyJrPqVMgSdZ4uU6IIUFPwyX1+BZTdVfTIS8iEYKX+eP2RwKMlpSq7Fv6bSZls0nYFTDxfthCUdT2KiE0KfMsn3BcfJt2Uyk4yDxdn4x6JhDq2Gxc4Q4iqTgowk5hbkBPdj6daCnOioGCNLOVCZnuOVv7Fh8hvsQN)
ok: [localhost] => (item=workstation.rotthoff.home ssh-ed25519 AAAAC3NzaC1lZDI1NTE5AAAAIEQ+m5vc6nkgTx0AqTOULKxHz1gigCxWHYtvj6t1ogLl)

TASK [mdrotthoff.gather-facts : Set the SSH facts output directory] ************
ok: [localhost]

TASK [mdrotthoff.gather-facts : Ensure the SSH keys output directory exists] ***
changed: [localhost]

TASK [mdrotthoff.gather-facts : Dump the SSH facts in YAML format] *************
changed: [localhost]

PLAY RECAP *********************************************************************
localhost                  : ok=27   changed=11   unreachable=0    failed=0   


**** Resulting directory tree ****
facts
└── facts-types
    └── rotthoff.home
        ├── ansible-facts
        │   └── localhost.ansible-facts.yaml
        ├── environment-facts
        │   └── localhost.environment.yaml
        ├── group-facts
        │   └── localhost.groups.yaml
        ├── host-facts
        │   └── localhost.host-vars.yaml
        └── ssh-keys
            └── localhost.ssh-keys.yaml

7 directories, 5 files


**** Executing playbook gather-facts.yml (full mode) ****


PLAY [all] *********************************************************************

TASK [Gathering Facts] *********************************************************
ok: [localhost]

TASK [mdrotthoff.gather-facts : Output the environment facts if requested] *****
included: /home/mdrotthoff/workspaces/mdrotthoff.ansible/ansible/roles/mdrotthoff.gather-facts/tasks/environment-facts.yml for localhost

TASK [mdrotthoff.gather-facts : Create the base output directory] **************
included: /home/mdrotthoff/workspaces/mdrotthoff.ansible/ansible/roles/mdrotthoff.gather-facts/tasks/output-directory.yml for localhost

TASK [mdrotthoff.gather-facts : Set the default domain directory (if requested)] ***
ok: [localhost]

TASK [mdrotthoff.gather-facts : Set the output directory] **********************
ok: [localhost]

TASK [mdrotthoff.gather-facts : Ensure the output directory exists] ************
changed: [localhost]

TASK [mdrotthoff.gather-facts : Set the environment output directory] **********
ok: [localhost]

TASK [mdrotthoff.gather-facts : Ensure the environment output directory exists] ***
changed: [localhost]

TASK [mdrotthoff.gather-facts : Dump the environment facts in YAML format] *****
changed: [localhost]

TASK [mdrotthoff.gather-facts : Output the group facts if requested] ***********
included: /home/mdrotthoff/workspaces/mdrotthoff.ansible/ansible/roles/mdrotthoff.gather-facts/tasks/group-facts.yml for localhost

TASK [mdrotthoff.gather-facts : Create the base output directory] **************
skipping: [localhost]

TASK [mdrotthoff.gather-facts : Set the groups output directory] ***************
ok: [localhost]

TASK [mdrotthoff.gather-facts : Ensure the groups output directory exists] *****
changed: [localhost]

TASK [mdrotthoff.gather-facts : Dump the group facts in YAML format] ***********
changed: [localhost]

TASK [mdrotthoff.gather-facts : Output the host facts if requested] ************
included: /home/mdrotthoff/workspaces/mdrotthoff.ansible/ansible/roles/mdrotthoff.gather-facts/tasks/host-facts.yml for localhost

TASK [mdrotthoff.gather-facts : Create the base output directory] **************
skipping: [localhost]

TASK [mdrotthoff.gather-facts : Set the host variables output directory] *******
ok: [localhost]

TASK [mdrotthoff.gather-facts : Ensure the host variables output directory exists] ***
changed: [localhost]

TASK [mdrotthoff.gather-facts : Dump the host facts in YAML format] ************
changed: [localhost]

TASK [mdrotthoff.gather-facts : Output the ansible facts if requested] *********
included: /home/mdrotthoff/workspaces/mdrotthoff.ansible/ansible/roles/mdrotthoff.gather-facts/tasks/ansible-facts.yml for localhost

TASK [mdrotthoff.gather-facts : Create the base output directory] **************
skipping: [localhost]

TASK [mdrotthoff.gather-facts : Set the ansible facts output directory] ********
ok: [localhost]

TASK [mdrotthoff.gather-facts : Ensure the ansible facts output directory exists] ***
changed: [localhost]

TASK [mdrotthoff.gather-facts : Dump the ansible facts in YAML format] *********
changed: [localhost]

TASK [mdrotthoff.gather-facts : Output the SSH facts if requested] *************
included: /home/mdrotthoff/workspaces/mdrotthoff.ansible/ansible/roles/mdrotthoff.gather-facts/tasks/ssh-facts.yml for localhost

TASK [mdrotthoff.gather-facts : Create the base output directory] **************
skipping: [localhost]

TASK [mdrotthoff.gather-facts : Scan and register the host ssh keys] ***********
ok: [localhost]

TASK [mdrotthoff.gather-facts : Collect the SSH keys found] ********************
ok: [localhost] => (item=workstation.rotthoff.home ssh-rsa AAAAB3NzaC1yc2EAAAADAQABAAABAQDYgt91wPR+/E5Ltifm4DLP3E2neI43G5Z47c84uP4F1MatjomPM6tzFyOJuduNPomWmAj5dgTm0lm+2dK9ORD+sNmCyCH29uZSctN7rjFv4n3D597+2GH6aeWJUujCXn71/X3ao+Znk5agYZjhKCiPIwMFT/Ylq0nX27DbUApt/dmPmoYFFxPgyJrPqVMgSdZ4uU6IIUFPwyX1+BZTdVfTIS8iEYKX+eP2RwKMlpSq7Fv6bSZls0nYFTDxfthCUdT2KiE0KfMsn3BcfJt2Uyk4yDxdn4x6JhDq2Gxc4Q4iqTgowk5hbkBPdj6daCnOioGCNLOVCZnuOVv7Fh8hvsQN)
ok: [localhost] => (item=workstation.rotthoff.home ecdsa-sha2-nistp256 AAAAE2VjZHNhLXNoYTItbmlzdHAyNTYAAAAIbmlzdHAyNTYAAABBBLFj4TXqgul7JJFzJif8uSXkv/uHVSLHR135E5JToysmDlV16na8WiTtmN6dJbVPmLK5ROBkJou51IphfkKPZIU=)
ok: [localhost] => (item=workstation.rotthoff.home ssh-ed25519 AAAAC3NzaC1lZDI1NTE5AAAAIEQ+m5vc6nkgTx0AqTOULKxHz1gigCxWHYtvj6t1ogLl)

TASK [mdrotthoff.gather-facts : Set the SSH facts output directory] ************
ok: [localhost]

TASK [mdrotthoff.gather-facts : Ensure the SSH keys output directory exists] ***
changed: [localhost]

TASK [mdrotthoff.gather-facts : Dump the SSH facts in YAML format] *************
changed: [localhost]

PLAY RECAP *********************************************************************
localhost                  : ok=27   changed=11   unreachable=0    failed=0   


**** Resulting directory tree ****
facts
└── rotthoff.home
    ├── ansible-facts
    │   └── localhost.ansible-facts.yaml
    ├── environment-facts
    │   └── localhost.environment.yaml
    ├── group-facts
    │   └── localhost.groups.yaml
    ├── host-facts
    │   └── localhost.host-vars.yaml
    └── ssh-keys
        └── localhost.ssh-keys.yaml

6 directories, 5 files
